lang version 7.0.0-3~ubuntu0.18.04.1 (tags/RELEASE_700/final)
gcc -g p4original.c
îº§ gdb a.out
GNU gdb (Ubuntu 8.1.1-0ubuntu1) 8.1.1
Copyright (C) 2018 Free Software Foundation, Inc.
License GPLv3+: GNU GPL version 3 or later <http://gnu.org/licenses/gpl.html>
This is free software: you are free to change and redistribute it.
There is NO WARRANTY, to the extent permitted by law.  Type "show copying"
and "show warranty" for details.
This GDB was configured as "x86_64-linux-gnu".
Type "show configuration" for configuration details.
For bug reporting instructions, please see:
<http://www.gnu.org/software/gdb/bugs/>.
Find the GDB manual and other documentation resources online at:
<http://www.gnu.org/software/gdb/documentation/>.
For help, type "help".
Type "apropos word" to search for commands related to "word"...
Reading symbols from a.out...done.
(gdb) b main
Breakpoint 1 at 0x8f6: file p4original.c, line 35.
(gdb) r
Starting program: /home/runner/pps-IA1-practice-2/a.out 
warning: Error disabling address space randomization: Operation not permitted

Breakpoint 1, main () at p4original.c:35
35  {
(gdb) n
37       n=input_array_size();
(gdb) s
input_array_size () at p4original.c:3
3   {
(gdb) n
5       printf("enter array size\n");
(gdb) n
enter array size
6       scanf("%d",&n);
(gdb) n
3
7       return n;
(gdb) n
8   }
(gdb) p n
$1 = 3
(gdb) n
main () at p4original.c:38
38       int a[n];
(gdb) n
39        input_array( n,  a);
(gdb) n
enter array elements1
7
11
40        sum=sum_n_arrays( n ,  a);
(gdb) n
41        out_put( n, a,  sum);
(gdb) n
42        return 0;
(gdb) n
43  }(gdb) n
__libc_start_main (main=0x55acaa6008e5 <main>, argc=1, argv=0x7fff99dbf4e8, 
    init=<optimized out>, fini=<optimized out>, rtld_fini=<optimized out>, 
    stack_end=0x7fff99dbf4d8) at ../csu/libc-start.c:344
344 ../csu/libc-start.c: No such file or directory.
(gdb) n
1+7+11 is 19[Inferior 1 (process 1185) exited normally]
(gdb) 